11877300000
12066100000
1128400000
3397000000
78000000
57600000
231800000
201200000
51600000
7300000
100000
600000
300000
100000
