7267
3444
3872
727
6191
10128
7267
6191
3872
3747
5992
3011
143
2427
3872
10508
4892
5171
5171
569
6567
6567
3498
5171
6567
10828
5491
3872
3872
4572
5740
9650
8988
4192
3872
3039
1997
700
10460
2190
6887
5171
1139
9398
3726
8290
1087
6060
4693
6567
10460
7267
874
5171
4572
6046
6887
3872
3363
4161
3233
5657
5171
4572
3413
7587
5491
3872
9209
7267
3872
2427
9209
4572
700
2838
3318
143
4572
3872
2884
700
4441
3933
9808
6567
2987
7587
5171
8509
2495
5871
3872
5171
2425
6567
6191
4572
7565
3683
